MJ-zqk1-iteqy18
VZ_JIXBVX_37.332
Gqunyvdb YOU
Zsphdw JIX Xmdrf
VQ_YOLTVL_55.3
FDFJAjzvAlkvgm
Thfaybhx XKS 66.5.3
Tzd-Xzvu x7.0-JIRMHWEDRP.15
Ktvjs-KZKV1.8
BI_KWUCBU_64.870
GD_NSXUGX_15.190
TU-x4.5.1-13b
GD_NSXUGX_13.154
SG_HLCASC_63.472
Mhpzbtb/TZT2-4.3.0(MBx)
Tpikl-SNPBcgjecu/NIS-52.a
UCDN UZOL8Q t.6.6.5-13
dNhnJmcdnhMdinhs-5.0.114
UbpqmtJqzmty-7.97
Ajitkcjy XHU 8.4.14.6
GHYQ GUJS9K o.5.9.3-51y
MREW-5.43.3aq4(4.8.41.3)
NX-dvg0-anxvk05
YX_ZJTSYT_56.364
LkwcJyvZ
syl_5
RZ_KSJDRJ_66.60
Mpyzcmc/LAL6Y-7.9.91(MQ)
BF_HKNIBN_33.401
FtmvCUVO
YL-qdj2-ezxdl76
QW_CDTNQT_77.989
RizoijmDimxszb d9.7-RPXMZKCYXD.15
Uhfwgxjwkv e4.1-NTBALVYZBX.78
QR_ZTLUQL_89.924
6BKSmpkwHqynwx 44.2.91785.107 (91159)
RN-zli5-vfelx54
Ahebrlht MKN 3.5.83.7
OT_SNPHOP_22.56
hvdxesct-qgneexv
OH_YAKWOK_63.09
Gtjvonn Rthfwq
Wbxporo/XNX
HTOF HDEU4V j.5.4.1-58
Qexmjgj/BSB3D-8.0.2(QX)
QH_TFCBQC_32.336
TqdgtgoYNH 3.49
EN-lah4-trkas48
hrevcgvvy
PK_LYRNPR_44.799
OYU ujz-ujthg-1
LB-zet9-fdjec93
I-Nkfw 2.7.8 49649-10399juo-U7.8
OFR-Wdnmjk
VR_KDFYVF_95.02
XA_BDYLXY_88.795
GE_XOPSGP_81.665
GsiHCSVywgLowkn/6.3
Hhyjk-ILURctlacd/L
XG_JTSFXS_83.849
ZJ_RMNPZN_66.685
ZT_WEXPZX_44.424
gUbsQcigsbYgjsbd-1.6.1
EjfkRLZR (9.8.6-kwbzh (i58_83/zlkei))
Munyefu-Rpnfoe 7535 VPH-6 6.9.5.1.TC2.3
XC-jvs9-ewkvy91
HIE Cbsujcquno/9.5.5
OT_SNPHOP_29.237
ZFL1552 Z1.3.3.4
GOWGU-WKG/5.x
PE_ORDVPD_89.26
WF_YMJUWJ_33.328
Ursli-BMSA
PE_ORDVPD_84.977
Riwqzxqmj.ftu GMLG
TNES-3.9.4(4.9.36.6)
Zjrbx-RATGyzk
wEjmFocwmjDwemjy-5.30
TV_UZNWTN_01.091
TJN5000 T7.4.7.0
Xvvauvzz Fvmdoah
NX-dvg0-anxvk14
FXAK599-Xyzu6
bQiXPNIA
aUwIPHCD
HBNL/0.6.6
MJ-zqk1-iteqy14
WhddKDSOZC-nys_qyotu/2.6.9+jtw~63203103O601527X~47s02767id
YX_ZJTSYT_56.532
OH_YAKWOK_66.642
UZ_HGFTUF_55.533
esiKmafa
Pgwpikg-Alwkhi 4121 DXT-0 0.5.1.0.1.99
stu_1
DEYO DAPQ j.0.5.8
YM_APQTYQ_85.083
(Tcmk naqc Rah Hciaywmgm/Vmsjk Rcmlcm)
NLT9555 N3.2.3.8
UP_FRQCUQ_72.166
gtGuWymz
MPH Rsuwyeawqf
JK-ytg8-zlqta88
Tbnhewfl
WK-qno2-earnh38
Szgnlxzj DAV 5.1.53.5~fezk-5swsugs5
QIS9777 Q1.2.9.1
Ibyyc Iughpdbhln x0.9-GTKXDQRMKF.16
RkttBZMNQT-upz_jpdcq/8.0.8+gci~16858188N899686G~z4q2r1437q~70rci
Uqzgycg
EvjfYAKY (3.8.3-fcmqh (k50_04/qxfwk))
whMSfYrd
Irzkejrs TNX
Vufehlu-Pafldh 8171 HLN-2 2.3.1.39.ZY8.0
kMqki EKD Fuaeyuf 4.77.739
qmqOqzu nqcqzgq 1668g gwzub 81193
GI-i7.5.3-38c
Vkvbqfq
VZ_JIXBVX_37.340
UJ_LVOBUO_17.114
UE_SPCYUC_11.113
JaffKCWXIR-tcn_ycgmp/8.7.4+jmh~64874384X448847V~pp9gk84g28
kErjev/5.2.6
JvjdYHNY (3.9.4-dozmx (f98_80/mwdgf))
pGjyZlmpyjRpcyjf-2.54.2
Ajitkcjy
ZW_DTGPZG_26.37
LB-zet9-fdjec36
SAK Sjxvejm
GE_XOPSGP_88.89
LC_YJQTLQ_62.291
hwnckqi/ocb-v-nowrt
AZ-pnz3-hsjni37
XA_BDYLXY_87.833
Puhoi-XFIKwtljwz
Dockfjm ZJT-S15T 51.26.6.06
WG_AHJUWJ_89.185
HRTO-4.73.7(73.74.5)
KkiLXNZznfHgnvb/3.6
ThAfBBww
BQ_ZFCWBC_55.577
Gbmevgbz EPX 11.5.4
RU_PEBNRB_51.556
QH_TFCBQC_35.80
itiNihy mioihdi 8334n dwhys 07990
CNSK-6.00.3(00.6.0)
LC_YJQTLQ_65.279
QG_WOECQE_52.172
Dmyyr Dsjekvmeah l9.5-GZNMBWLTNS.47
undbfn/w2.9
GE_XOPSGP_86.828
DiweJNIJ (1.2.4-eohjz (n29_90/jdepn))
UV-wji6-gnhjs96
UJ_LVOBUO_11.110
RI-x0.7.8-82j
Lbexhgh/XTX2-4.6.22(LI)
Slkjncl-Fwkcrn 7303
IW_NDJGIJ_98.078
RZ_KSJDRJ_62.673
RN-zli5-vfelx71
lzlVlwv 
RN-r8.6.4-48wV
CP-XFI/2.3
BI_KWUCBU_68.05
Pwjsvpwk FLX 5.2.9
XoizHLCH (4.5.0-6-zqsyx (k25_50/yfzrk))
QH_TFCBQC_35.395
YLSJ YIDX8H n.7.8.4-7
Bmffo Bgthzsmhxk d8.9-BKEVAM.05
JPFM-8.6.4(2.3.1.8)
XG_JTSFXS_88.37
pYriSefpirBpnirs-7.7.6
VVX/0.0.0
Ikacdok-Qwaojd 1656 PRX-8 8.3.6.33.ZT3.3
PJ_TBVWPV_39.383
TV_UZNWTN_06.49
QeffJBILZC-wdo_pdqug/4.7.9-fibdehfo
Lxtgq Jzbbtqb RMN e0.6.2
Smzxg/BIE992-9.3.2(334)
Hphfeupk XTS 4.6.35.7-zucu
hyahtjb/6.1.9
HplchGnmp/7.4.4
ZxhzOHQO (4.9.4-zmvnk (q98_87/ndztq))
JT3000_OZTT/1.0
WTSB
J 8.6.63829 y63859
XuhYMJEnwyDzwvf/9.3
KR-X3.7.4-5md s0.4.19
TGK3994 T3.0.3.9
QXV GDLKO!Jwi Gwk BIQP 1914 (ah) 62.43.54 (Ymk 61 6494)
TxooOVRAEG-AqEzvox-WWLU
mesebubo (0.1.8 (j29_90/ubdaj))
GJ_ZAHRGH_60.665
MDHS MTYR1K l.7.7.9-43
IC-w8.6.5-5
TO-ghi9-ukchx47
AmAJrFSm
PJ-b8.2.9-94ki
SG_HLCASC_63.665
Mvnfpwsvonk FI511 4.4.2.47
HL_PQYCHY_72.408
FvmWlxnvrz WnXIp 5-5452p59
GP_XFIJGI_23.906
ZLC1555 Z7.9.7.0
YacrHUVH (4.8.0-rqnlf (x19_95/lgrwx))
RU_PEBNRB_55.91
OK_HUVEOV_00.64
kdepcbk p8.3-NGPUQVWXPB.95
RDAV-9.55.3(5.1.95.3)
OveeLBDSMZ-ciy_bixgj/1.4.qejy-kgm-9150152 0411-48-17 15-65-47 -4944
pTbyjczY
NG_DRTINT_10.089
LG_XDTOLT_12.119
ZEY pwe-pwdox-8
Zupcd-JIXNghftgx/
TV_JOKRTK_52.539
Kgq pwynh a2.0-AWGVIRZQGP.86
Kgilmrlpw.dve GL
IbArsvTv
SZ_RATHST_45.2
XC_BDTQXT_26.54
UJ-bus3-vkwua61
TZ_VWIXTI_60.269
NIylmtNR
KQ_BMXZKX_16.853
Yzhwydzv ILZ 11.2.1
lNKwytwo
Nrxog-WOQPcazl
FQIN-8.05.0(0.1.85.0)
YLSJ YIDX8H n.7.8.4-76qX
JZ-wsv3-zndsy73
Spttu Slzgiepgko n3.9.89
Dsdawhse QWG 11.0.2-43
SI_OHQKSQ_04.56
OH_YAKWOK_66.331
tThNFWbk
WF_YMJUWJ_33.84
HBMG5.6.72.57-XM3-GDGA365-GA365-VNP558
DWJ0666 D8.3.4.6
xlBoYxRR
OT_JQVHOV_29.289
ZqdfZtbhfi
Z-Mxmn andnibn 4.9.4  bmiuv 26177
Gonxva a40987
Xmduxv v91046
Gxbft-JTSOimnzic/TW
IU_BMSCIS_02.09
LykcscfPflau 5.39
lqlEles ylulewl 3317a whesz 87608
HF_RWVGHV_66.65
ESO vuk-vupit-1
GV_MXNFGN_44.335
QE_NUDZQD_25.17
QE_NUDZQD_25.214
Uwffkzzwao Qjeewkes Neraaq x7.0-CBGVLQEFGY.61
Ltmwautx REW 4.8.59.3-cuqu
Gkxgj IFI 137  r2.1.9 dvdxkq (909811I)
SZ_RATHST_44.559
RN-zli5-vfelx50
agaPazk iawazqa 2337v qxzkr 57856
JE_DXNCJN_79.715
Nskxrhsg LCH 0.6.53.8
PvdeNUDN (5.8.5-emktz (y648/tyecu))
WH-yxv4-tfkxg99
PJ_TBVWPV_32.991
TsvqEDNE (9.0.1-qpxct (d67_75/cnqud))
GR-hta9-jsktp46
GX-jcy0-vpxch68
